2026-10-06 16:12:02,159 INFO o.a.j.u.JMeterUtils: Setting Locale to en_EN
2026-10-06 16:12:02,203 INFO o.a.j.JMeter: Loading user properties from: /tmp/opencode/apache-jmeter-5.6.3/bin/user.properties
2026-10-06 16:12:02,203 INFO o.a.j.JMeter: Loading system properties from: /tmp/opencode/apache-jmeter-5.6.3/bin/system.properties
2026-10-06 16:12:02,219 INFO o.a.j.JMeter: Copyright (c) 1998-2024 The Apache Software Foundation
2026-10-06 16:12:02,220 INFO o.a.j.JMeter: Version 5.6.3
2026-10-06 16:12:02,220 INFO o.a.j.JMeter: java.version=21.0.12.1
2026-10-06 16:12:02,220 INFO o.a.j.JMeter: java.vm.name=OpenJDK 64-Bit Server VM
2026-10-06 16:12:02,220 INFO o.a.j.JMeter: os.name=Linux
2026-10-06 16:12:02,221 INFO o.a.j.JMeter: os.arch=amd64
2026-10-06 16:12:02,221 INFO o.a.j.JMeter: os.version=7.2.8-arch1-2
2026-10-06 16:12:02,221 INFO o.a.j.JMeter: file.encoding=UTF-8
2026-10-06 16:12:02,221 INFO o.a.j.JMeter: java.awt.headless=true
2026-10-06 16:12:02,221 INFO o.a.j.JMeter: Max memory     =1073741824
2026-10-06 16:12:02,221 INFO o.a.j.JMeter: Available Processors =8
2026-10-06 16:12:02,246 INFO o.a.j.JMeter: Default Locale=English (EN)
2026-10-06 16:12:02,247 INFO o.a.j.JMeter: JMeter  Locale=English (EN)
2026-10-06 16:12:02,247 INFO o.a.j.JMeter: JMeterHome=/tmp/opencode/apache-jmeter-5.6.3
2026-10-06 16:12:02,247 INFO o.a.j.JMeter: user.dir  =/home/silva/Downloads/00_PSW_ValeryChumpitaz-main/PSW_Pipeline_Base
2026-10-06 16:12:02,247 INFO o.a.j.JMeter: PWD       =/home/silva/Downloads/00_PSW_ValeryChumpitaz-main/PSW_Pipeline_Base
2026-10-06 16:12:02,248 INFO o.a.j.JMeter: IP: 192.168.101.80 Name: archlinux FullName: archlinux
2026-10-06 16:12:02,276 INFO o.a.j.JMeter: Setting property 'jmeter.reportgenerator.outputdir' to:'/home/silva/Downloads/00_PSW_ValeryChumpitaz-main/PSW_Pipeline_Base/evidencias/04-jmeter/reporte-html'
2026-10-06 16:12:02,283 INFO o.a.j.s.FileServer: Default base='/home/silva/Downloads/00_PSW_ValeryChumpitaz-main/PSW_Pipeline_Base'
2026-10-06 16:12:02,286 INFO o.a.j.s.FileServer: Set new base='/home/silva/Downloads/00_PSW_ValeryChumpitaz-main/PSW_Pipeline_Base/jmeter'
2026-10-06 16:12:02,707 INFO o.a.j.s.SaveService: Testplan (JMX) version: 2.2. Testlog (JTL) version: 2.2
2026-10-06 16:12:02,776 INFO o.a.j.s.SaveService: Using SaveService properties version 5.0
2026-10-06 16:12:02,787 INFO o.a.j.s.SaveService: Using SaveService properties file encoding UTF-8
2026-10-06 16:12:02,794 INFO o.a.j.s.SaveService: Loading file: jmeter/Reto_Carga_100Usuarios.jmx
2026-10-06 16:12:02,913 INFO o.a.j.p.h.s.HTTPSamplerBase: Parser for text/html is org.apache.jmeter.protocol.http.parser.LagartoBasedHtmlParser
2026-10-06 16:12:02,913 INFO o.a.j.p.h.s.HTTPSamplerBase: Parser for application/xhtml+xml is org.apache.jmeter.protocol.http.parser.LagartoBasedHtmlParser
2026-10-06 16:12:02,913 INFO o.a.j.p.h.s.HTTPSamplerBase: Parser for application/xml is org.apache.jmeter.protocol.http.parser.LagartoBasedHtmlParser
2026-10-06 16:12:02,913 INFO o.a.j.p.h.s.HTTPSamplerBase: Parser for text/xml is org.apache.jmeter.protocol.http.parser.LagartoBasedHtmlParser
2026-10-06 16:12:02,913 INFO o.a.j.p.h.s.HTTPSamplerBase: Parser for text/vnd.wap.wml is org.apache.jmeter.protocol.http.parser.RegexpHTMLParser
2026-10-06 16:12:02,913 INFO o.a.j.p.h.s.HTTPSamplerBase: Parser for text/css is org.apache.jmeter.protocol.http.parser.CssParser
2026-10-06 16:12:02,974 INFO o.a.j.JMeter: Creating summariser <summary>
2026-10-06 16:12:02,986 INFO o.a.j.r.d.ReportGenerator: ReportGenerator will use for Parsing the separator: ','
2026-10-06 16:12:02,986 INFO o.a.j.r.d.ReportGenerator: Will generate report at end of test from  results file: evidencias/04-jmeter/resultados.jtl
2026-10-06 16:12:02,986 INFO o.a.j.r.d.ReportGenerator: Reading report generator properties from: /tmp/opencode/apache-jmeter-5.6.3/bin/reportgenerator.properties
2026-10-06 16:12:02,987 INFO o.a.j.r.d.ReportGenerator: Merging with JMeter properties
2026-10-06 16:12:02,996 INFO o.a.j.r.c.ReportGeneratorConfiguration: Property 'jmeter.reportgenerator.temp_dir' not found, using default value 'temp' instead.
2026-10-06 16:12:03,001 INFO o.a.j.r.c.ReportGeneratorConfiguration: Property 'jmeter.reportgenerator.apdex_per_transaction' not found, using default value 'null' instead.
2026-10-06 16:12:03,001 INFO o.a.j.r.c.ReportGeneratorConfiguration: apdex_per_transaction is empty, not APDEX per transaction customization
2026-10-06 16:12:03,002 INFO o.a.j.r.c.ReportGeneratorConfiguration: Property 'jmeter.reportgenerator.sample_filter' not found, using default value 'null' instead.
2026-10-06 16:12:03,002 INFO o.a.j.r.c.ReportGeneratorConfiguration: Property 'jmeter.reportgenerator.report_title' not found, using default value 'null' instead.
2026-10-06 16:12:03,002 INFO o.a.j.r.c.ReportGeneratorConfiguration: Property 'jmeter.reportgenerator.start_date' not found, using default value 'null' instead.
2026-10-06 16:12:03,002 INFO o.a.j.r.c.ReportGeneratorConfiguration: Property 'jmeter.reportgenerator.end_date' not found, using default value 'null' instead.
2026-10-06 16:12:03,003 INFO o.a.j.r.c.ReportGeneratorConfiguration: Property 'jmeter.reportgenerator.date_format' not found, using default value 'null' instead.
2026-10-06 16:12:03,005 INFO o.a.j.r.c.ReportGeneratorConfiguration: Will use date range start date: null, end date: null
2026-10-06 16:12:03,012 INFO o.a.j.r.c.ReportGeneratorConfiguration: Property 'jmeter.reportgenerator.graph.totalTPS.exclude_controllers' not found, using default value 'false' instead.
2026-10-06 16:12:03,013 INFO o.a.j.r.c.ReportGeneratorConfiguration: Property 'jmeter.reportgenerator.graph.activeThreadsOverTime.exclude_controllers' not found, using default value 'false' instead.
2026-10-06 16:12:03,013 INFO o.a.j.r.c.ReportGeneratorConfiguration: Property 'jmeter.reportgenerator.graph.timeVsThreads.exclude_controllers' not found, using default value 'false' instead.
2026-10-06 16:12:03,013 INFO o.a.j.r.c.ReportGeneratorConfiguration: Property 'jmeter.reportgenerator.graph.responseTimeDistribution.exclude_controllers' not found, using default value 'false' instead.
2026-10-06 16:12:03,013 INFO o.a.j.r.c.ReportGeneratorConfiguration: Property 'jmeter.reportgenerator.graph.transactionsPerSecond.exclude_controllers' not found, using default value 'false' instead.
2026-10-06 16:12:03,014 INFO o.a.j.r.c.ReportGeneratorConfiguration: Property 'jmeter.reportgenerator.graph.responseTimePercentiles.exclude_controllers' not found, using default value 'false' instead.
2026-10-06 16:12:03,014 INFO o.a.j.r.c.ReportGeneratorConfiguration: Property 'jmeter.reportgenerator.graph.responseTimePercentilesOverTime.exclude_controllers' not found, using default value 'false' instead.
2026-10-06 16:12:03,014 INFO o.a.j.r.c.ReportGeneratorConfiguration: Property 'jmeter.reportgenerator.graph.responseTimesOverTime.exclude_controllers' not found, using default value 'false' instead.
2026-10-06 16:12:03,015 INFO o.a.j.r.c.ReportGeneratorConfiguration: Property 'jmeter.reportgenerator.graph.connectTimeOverTime.exclude_controllers' not found, using default value 'false' instead.
2026-10-06 16:12:03,015 INFO o.a.j.r.c.ReportGeneratorConfiguration: Property 'jmeter.reportgenerator.graph.latenciesOverTime.exclude_controllers' not found, using default value 'false' instead.
2026-10-06 16:12:03,016 INFO o.a.j.r.c.ReportGeneratorConfiguration: Property 'jmeter.reportgenerator.exporter.json.filters_only_sample_series' not found, using default value 'true' instead.
2026-10-06 16:12:03,016 INFO o.a.j.r.c.ReportGeneratorConfiguration: Property 'jmeter.reportgenerator.exporter.json.series_filter' not found, using default value '' instead.
2026-10-06 16:12:03,017 INFO o.a.j.r.c.ReportGeneratorConfiguration: Property 'jmeter.reportgenerator.exporter.json.show_controllers_only' not found, using default value 'false' instead.
2026-10-06 16:12:03,018 INFO o.a.j.r.c.ReportGeneratorConfiguration: Property 'jmeter.reportgenerator.exporter.html.filters_only_sample_series' not found, using default value 'true' instead.
2026-10-06 16:12:03,018 INFO o.a.j.r.c.ReportGeneratorConfiguration: Property 'jmeter.reportgenerator.exporter.html.series_filter' not found, using default value '' instead.
2026-10-06 16:12:03,018 INFO o.a.j.r.c.ReportGeneratorConfiguration: Property 'jmeter.reportgenerator.exporter.html.show_controllers_only' not found, using default value 'false' instead.
2026-10-06 16:12:03,043 INFO o.a.j.e.StandardJMeterEngine: Running the test!
2026-10-06 16:12:03,044 INFO o.a.j.s.SampleEvent: List of sample_variables: []
2026-10-06 16:12:03,045 INFO o.a.j.s.SampleEvent: List of sample_variables: []
2026-10-06 16:12:03,055 INFO o.a.j.e.u.CompoundVariable: Note: Function class names must contain the string: '.functions.'
2026-10-06 16:12:03,056 INFO o.a.j.e.u.CompoundVariable: Note: Function class names must not contain the string: '.gui.'
2026-10-06 16:12:03,202 INFO o.a.j.JMeter: Running test (1791321123201)
2026-10-06 16:12:03,241 INFO o.a.j.e.StandardJMeterEngine: Starting ThreadGroup: 1 : 100 Usuarios Concurrentes
2026-10-06 16:12:03,242 INFO o.a.j.e.StandardJMeterEngine: Starting 100 threads for group 100 Usuarios Concurrentes.
2026-10-06 16:12:03,242 INFO o.a.j.e.StandardJMeterEngine: Thread will continue on error
2026-10-06 16:12:03,242 INFO o.a.j.t.ThreadGroup: Starting thread group... number=1 threads=100 ramp-up=20 delayedStart=false
2026-10-06 16:12:03,255 INFO o.a.j.t.JMeterThread: Thread started: 100 Usuarios Concurrentes 1-1
2026-10-06 16:12:03,358 INFO o.a.j.t.ThreadGroup: Started thread group number 1
2026-10-06 16:12:03,359 INFO o.a.j.e.StandardJMeterEngine: All thread groups have been started
2026-10-06 16:12:03,446 INFO o.a.j.t.JMeterThread: Thread started: 100 Usuarios Concurrentes 1-2
2026-10-06 16:12:03,504 INFO o.a.j.p.h.s.HTTPHCAbstractImpl: Local host = archlinux
2026-10-06 16:12:03,519 INFO o.a.j.p.h.s.HTTPHC4Impl: HTTP request retry count = 0
2026-10-06 16:12:03,523 INFO o.a.j.s.SampleResult: Note: Sample TimeStamps are START times
2026-10-06 16:12:03,523 INFO o.a.j.s.SampleResult: sampleresult.default.encoding is set to UTF-8
2026-10-06 16:12:03,524 INFO o.a.j.s.SampleResult: sampleresult.useNanoTime=true
2026-10-06 16:12:03,524 INFO o.a.j.s.SampleResult: sampleresult.nanoThreadSleep=5000
2026-10-06 16:12:03,645 INFO o.a.j.t.JMeterThread: Thread started: 100 Usuarios Concurrentes 1-3
2026-10-06 16:12:03,727 INFO o.a.j.r.Summariser: summary +      1 in 00:00:01 =    1.9/s Avg:    79 Min:    79 Max:    79 Err:     0 (0.00%) Active: 3 Started: 3 Finished: 0
2026-10-06 16:12:03,845 INFO o.a.j.t.JMeterThread: Thread started: 100 Usuarios Concurrentes 1-4
2026-10-06 16:12:04,045 INFO o.a.j.t.JMeterThread: Thread started: 100 Usuarios Concurrentes 1-5
2026-10-06 16:12:04,245 INFO o.a.j.t.JMeterThread: Thread started: 100 Usuarios Concurrentes 1-6
2026-10-06 16:12:04,445 INFO o.a.j.t.JMeterThread: Thread started: 100 Usuarios Concurrentes 1-7
2026-10-06 16:12:04,644 INFO o.a.j.t.JMeterThread: Thread started: 100 Usuarios Concurrentes 1-8
2026-10-06 16:12:04,844 INFO o.a.j.t.JMeterThread: Thread started: 100 Usuarios Concurrentes 1-9
2026-10-06 16:12:05,044 INFO o.a.j.t.JMeterThread: Thread started: 100 Usuarios Concurrentes 1-10
2026-10-06 16:12:05,244 INFO o.a.j.t.JMeterThread: Thread started: 100 Usuarios Concurrentes 1-11
2026-10-06 16:12:05,444 INFO o.a.j.t.JMeterThread: Thread started: 100 Usuarios Concurrentes 1-12
2026-10-06 16:12:05,643 INFO o.a.j.t.JMeterThread: Thread started: 100 Usuarios Concurrentes 1-13
2026-10-06 16:12:05,843 INFO o.a.j.t.JMeterThread: Thread started: 100 Usuarios Concurrentes 1-14
2026-10-06 16:12:06,044 INFO o.a.j.t.JMeterThread: Thread started: 100 Usuarios Concurrentes 1-15
2026-10-06 16:12:06,245 INFO o.a.j.t.JMeterThread: Thread started: 100 Usuarios Concurrentes 1-16
2026-10-06 16:12:06,445 INFO o.a.j.t.JMeterThread: Thread started: 100 Usuarios Concurrentes 1-17
2026-10-06 16:12:06,644 INFO o.a.j.t.JMeterThread: Thread started: 100 Usuarios Concurrentes 1-18
2026-10-06 16:12:06,845 INFO o.a.j.t.JMeterThread: Thread started: 100 Usuarios Concurrentes 1-19
2026-10-06 16:12:07,045 INFO o.a.j.t.JMeterThread: Thread started: 100 Usuarios Concurrentes 1-20
2026-10-06 16:12:07,245 INFO o.a.j.t.JMeterThread: Thread started: 100 Usuarios Concurrentes 1-21
2026-10-06 16:12:07,445 INFO o.a.j.t.JMeterThread: Thread started: 100 Usuarios Concurrentes 1-22
2026-10-06 16:12:07,644 INFO o.a.j.t.JMeterThread: Thread started: 100 Usuarios Concurrentes 1-23
2026-10-06 16:12:07,845 INFO o.a.j.t.JMeterThread: Thread started: 100 Usuarios Concurrentes 1-24
2026-10-06 16:12:08,044 INFO o.a.j.t.JMeterThread: Thread started: 100 Usuarios Concurrentes 1-25
2026-10-06 16:12:08,243 INFO o.a.j.t.JMeterThread: Thread started: 100 Usuarios Concurrentes 1-26
2026-10-06 16:12:08,443 INFO o.a.j.t.JMeterThread: Thread started: 100 Usuarios Concurrentes 1-27
2026-10-06 16:12:08,643 INFO o.a.j.t.JMeterThread: Thread started: 100 Usuarios Concurrentes 1-28
2026-10-06 16:12:08,843 INFO o.a.j.t.JMeterThread: Thread started: 100 Usuarios Concurrentes 1-29
2026-10-06 16:12:09,050 INFO o.a.j.t.JMeterThread: Thread started: 100 Usuarios Concurrentes 1-30
2026-10-06 16:12:09,248 INFO o.a.j.t.JMeterThread: Thread started: 100 Usuarios Concurrentes 1-31
2026-10-06 16:12:09,447 INFO o.a.j.t.JMeterThread: Thread started: 100 Usuarios Concurrentes 1-32
2026-10-06 16:12:09,644 INFO o.a.j.t.JMeterThread: Thread started: 100 Usuarios Concurrentes 1-33
2026-10-06 16:12:09,844 INFO o.a.j.t.JMeterThread: Thread started: 100 Usuarios Concurrentes 1-34
2026-10-06 16:12:10,043 INFO o.a.j.t.JMeterThread: Thread started: 100 Usuarios Concurrentes 1-35
2026-10-06 16:12:10,244 INFO o.a.j.t.JMeterThread: Thread started: 100 Usuarios Concurrentes 1-36
2026-10-06 16:12:10,443 INFO o.a.j.t.JMeterThread: Thread started: 100 Usuarios Concurrentes 1-37
2026-10-06 16:12:10,645 INFO o.a.j.t.JMeterThread: Thread started: 100 Usuarios Concurrentes 1-38
2026-10-06 16:12:10,845 INFO o.a.j.t.JMeterThread: Thread started: 100 Usuarios Concurrentes 1-39
2026-10-06 16:12:11,044 INFO o.a.j.t.JMeterThread: Thread started: 100 Usuarios Concurrentes 1-40
2026-10-06 16:12:11,244 INFO o.a.j.t.JMeterThread: Thread started: 100 Usuarios Concurrentes 1-41
2026-10-06 16:12:11,444 INFO o.a.j.t.JMeterThread: Thread started: 100 Usuarios Concurrentes 1-42
2026-10-06 16:12:11,645 INFO o.a.j.t.JMeterThread: Thread started: 100 Usuarios Concurrentes 1-43
2026-10-06 16:12:11,844 INFO o.a.j.t.JMeterThread: Thread started: 100 Usuarios Concurrentes 1-44
2026-10-06 16:12:12,044 INFO o.a.j.t.JMeterThread: Thread started: 100 Usuarios Concurrentes 1-45
2026-10-06 16:12:12,243 INFO o.a.j.t.JMeterThread: Thread started: 100 Usuarios Concurrentes 1-46
2026-10-06 16:12:12,443 INFO o.a.j.t.JMeterThread: Thread started: 100 Usuarios Concurrentes 1-47
2026-10-06 16:12:12,645 INFO o.a.j.t.JMeterThread: Thread started: 100 Usuarios Concurrentes 1-48
2026-10-06 16:12:12,843 INFO o.a.j.t.JMeterThread: Thread started: 100 Usuarios Concurrentes 1-49
2026-10-06 16:12:13,043 INFO o.a.j.t.JMeterThread: Thread started: 100 Usuarios Concurrentes 1-50
2026-10-06 16:12:13,245 INFO o.a.j.t.JMeterThread: Thread started: 100 Usuarios Concurrentes 1-51
2026-10-06 16:12:13,443 INFO o.a.j.t.JMeterThread: Thread started: 100 Usuarios Concurrentes 1-52
2026-10-06 16:12:13,644 INFO o.a.j.t.JMeterThread: Thread started: 100 Usuarios Concurrentes 1-53
2026-10-06 16:12:13,843 INFO o.a.j.t.JMeterThread: Thread started: 100 Usuarios Concurrentes 1-54
2026-10-06 16:12:14,044 INFO o.a.j.t.JMeterThread: Thread started: 100 Usuarios Concurrentes 1-55
2026-10-06 16:12:14,243 INFO o.a.j.t.JMeterThread: Thread started: 100 Usuarios Concurrentes 1-56
2026-10-06 16:12:14,443 INFO o.a.j.t.JMeterThread: Thread started: 100 Usuarios Concurrentes 1-57
2026-10-06 16:12:14,643 INFO o.a.j.t.JMeterThread: Thread started: 100 Usuarios Concurrentes 1-58
2026-10-06 16:12:14,844 INFO o.a.j.t.JMeterThread: Thread started: 100 Usuarios Concurrentes 1-59
2026-10-06 16:12:15,044 INFO o.a.j.t.JMeterThread: Thread started: 100 Usuarios Concurrentes 1-60
2026-10-06 16:12:15,244 INFO o.a.j.t.JMeterThread: Thread started: 100 Usuarios Concurrentes 1-61
2026-10-06 16:12:15,445 INFO o.a.j.t.JMeterThread: Thread started: 100 Usuarios Concurrentes 1-62
2026-10-06 16:12:15,644 INFO o.a.j.t.JMeterThread: Thread started: 100 Usuarios Concurrentes 1-63
2026-10-06 16:12:15,843 INFO o.a.j.t.JMeterThread: Thread started: 100 Usuarios Concurrentes 1-64
2026-10-06 16:12:16,024 INFO o.a.j.t.JMeterThread: Thread is done: 100 Usuarios Concurrentes 1-2
2026-10-06 16:12:16,024 INFO o.a.j.t.JMeterThread: Thread finished: 100 Usuarios Concurrentes 1-2
2026-10-06 16:12:16,029 INFO o.a.j.t.JMeterThread: Thread is done: 100 Usuarios Concurrentes 1-1
2026-10-06 16:12:16,029 INFO o.a.j.t.JMeterThread: Thread finished: 100 Usuarios Concurrentes 1-1
2026-10-06 16:12:16,044 INFO o.a.j.t.JMeterThread: Thread started: 100 Usuarios Concurrentes 1-65
2026-10-06 16:12:16,152 INFO o.a.j.t.JMeterThread: Thread is done: 100 Usuarios Concurrentes 1-3
2026-10-06 16:12:16,152 INFO o.a.j.t.JMeterThread: Thread finished: 100 Usuarios Concurrentes 1-3
2026-10-06 16:12:16,245 INFO o.a.j.t.JMeterThread: Thread started: 100 Usuarios Concurrentes 1-66
2026-10-06 16:12:16,303 INFO o.a.j.t.JMeterThread: Thread is done: 100 Usuarios Concurrentes 1-4
2026-10-06 16:12:16,304 INFO o.a.j.t.JMeterThread: Thread finished: 100 Usuarios Concurrentes 1-4
2026-10-06 16:12:16,445 INFO o.a.j.t.JMeterThread: Thread started: 100 Usuarios Concurrentes 1-67
2026-10-06 16:12:16,556 INFO o.a.j.t.JMeterThread: Thread is done: 100 Usuarios Concurrentes 1-5
2026-10-06 16:12:16,557 INFO o.a.j.t.JMeterThread: Thread finished: 100 Usuarios Concurrentes 1-5
2026-10-06 16:12:16,644 INFO o.a.j.t.JMeterThread: Thread started: 100 Usuarios Concurrentes 1-68
2026-10-06 16:12:16,699 INFO o.a.j.t.JMeterThread: Thread is done: 100 Usuarios Concurrentes 1-6
2026-10-06 16:12:16,699 INFO o.a.j.t.JMeterThread: Thread finished: 100 Usuarios Concurrentes 1-6
2026-10-06 16:12:16,844 INFO o.a.j.t.JMeterThread: Thread started: 100 Usuarios Concurrentes 1-69
2026-10-06 16:12:16,924 INFO o.a.j.t.JMeterThread: Thread is done: 100 Usuarios Concurrentes 1-7
2026-10-06 16:12:16,924 INFO o.a.j.t.JMeterThread: Thread finished: 100 Usuarios Concurrentes 1-7
2026-10-06 16:12:17,044 INFO o.a.j.t.JMeterThread: Thread started: 100 Usuarios Concurrentes 1-70
2026-10-06 16:12:17,130 INFO o.a.j.t.JMeterThread: Thread is done: 100 Usuarios Concurrentes 1-8
2026-10-06 16:12:17,131 INFO o.a.j.t.JMeterThread: Thread finished: 100 Usuarios Concurrentes 1-8
2026-10-06 16:12:17,245 INFO o.a.j.t.JMeterThread: Thread started: 100 Usuarios Concurrentes 1-71
2026-10-06 16:12:17,298 INFO o.a.j.t.JMeterThread: Thread is done: 100 Usuarios Concurrentes 1-9
2026-10-06 16:12:17,298 INFO o.a.j.t.JMeterThread: Thread finished: 100 Usuarios Concurrentes 1-9
2026-10-06 16:12:17,446 INFO o.a.j.t.JMeterThread: Thread started: 100 Usuarios Concurrentes 1-72
2026-10-06 16:12:17,456 INFO o.a.j.t.JMeterThread: Thread is done: 100 Usuarios Concurrentes 1-10
2026-10-06 16:12:17,457 INFO o.a.j.t.JMeterThread: Thread finished: 100 Usuarios Concurrentes 1-10
2026-10-06 16:12:17,646 INFO o.a.j.t.JMeterThread: Thread started: 100 Usuarios Concurrentes 1-73
2026-10-06 16:12:17,688 INFO o.a.j.t.JMeterThread: Thread is done: 100 Usuarios Concurrentes 1-11
2026-10-06 16:12:17,689 INFO o.a.j.t.JMeterThread: Thread finished: 100 Usuarios Concurrentes 1-11
2026-10-06 16:12:17,847 INFO o.a.j.t.JMeterThread: Thread started: 100 Usuarios Concurrentes 1-74
2026-10-06 16:12:17,852 INFO o.a.j.t.JMeterThread: Thread is done: 100 Usuarios Concurrentes 1-12
2026-10-06 16:12:17,852 INFO o.a.j.t.JMeterThread: Thread finished: 100 Usuarios Concurrentes 1-12
2026-10-06 16:12:18,014 INFO o.a.j.t.JMeterThread: Thread is done: 100 Usuarios Concurrentes 1-13
2026-10-06 16:12:18,015 INFO o.a.j.t.JMeterThread: Thread finished: 100 Usuarios Concurrentes 1-13
2026-10-06 16:12:18,043 INFO o.a.j.t.JMeterThread: Thread started: 100 Usuarios Concurrentes 1-75
2026-10-06 16:12:18,235 INFO o.a.j.t.JMeterThread: Thread is done: 100 Usuarios Concurrentes 1-14
2026-10-06 16:12:18,236 INFO o.a.j.t.JMeterThread: Thread finished: 100 Usuarios Concurrentes 1-14
2026-10-06 16:12:18,244 INFO o.a.j.t.JMeterThread: Thread started: 100 Usuarios Concurrentes 1-76
2026-10-06 16:12:18,381 INFO o.a.j.t.JMeterThread: Thread is done: 100 Usuarios Concurrentes 1-15
2026-10-06 16:12:18,381 INFO o.a.j.t.JMeterThread: Thread finished: 100 Usuarios Concurrentes 1-15
2026-10-06 16:12:18,445 INFO o.a.j.t.JMeterThread: Thread started: 100 Usuarios Concurrentes 1-77
2026-10-06 16:12:18,620 INFO o.a.j.t.JMeterThread: Thread is done: 100 Usuarios Concurrentes 1-16
2026-10-06 16:12:18,620 INFO o.a.j.t.JMeterThread: Thread finished: 100 Usuarios Concurrentes 1-16
2026-10-06 16:12:18,644 INFO o.a.j.t.JMeterThread: Thread started: 100 Usuarios Concurrentes 1-78
2026-10-06 16:12:18,822 INFO o.a.j.t.JMeterThread: Thread is done: 100 Usuarios Concurrentes 1-17
2026-10-06 16:12:18,823 INFO o.a.j.t.JMeterThread: Thread finished: 100 Usuarios Concurrentes 1-17
2026-10-06 16:12:18,843 INFO o.a.j.t.JMeterThread: Thread started: 100 Usuarios Concurrentes 1-79
2026-10-06 16:12:19,028 INFO o.a.j.t.JMeterThread: Thread is done: 100 Usuarios Concurrentes 1-18
2026-10-06 16:12:19,028 INFO o.a.j.t.JMeterThread: Thread finished: 100 Usuarios Concurrentes 1-18
2026-10-06 16:12:19,044 INFO o.a.j.t.JMeterThread: Thread started: 100 Usuarios Concurrentes 1-80
2026-10-06 16:12:19,192 INFO o.a.j.t.JMeterThread: Thread is done: 100 Usuarios Concurrentes 1-19
2026-10-06 16:12:19,192 INFO o.a.j.t.JMeterThread: Thread finished: 100 Usuarios Concurrentes 1-19
2026-10-06 16:12:19,245 INFO o.a.j.t.JMeterThread: Thread started: 100 Usuarios Concurrentes 1-81
2026-10-06 16:12:19,377 INFO o.a.j.t.JMeterThread: Thread is done: 100 Usuarios Concurrentes 1-20
2026-10-06 16:12:19,378 INFO o.a.j.t.JMeterThread: Thread finished: 100 Usuarios Concurrentes 1-20
2026-10-06 16:12:19,445 INFO o.a.j.t.JMeterThread: Thread started: 100 Usuarios Concurrentes 1-82
2026-10-06 16:12:19,585 INFO o.a.j.t.JMeterThread: Thread is done: 100 Usuarios Concurrentes 1-21
2026-10-06 16:12:19,586 INFO o.a.j.t.JMeterThread: Thread finished: 100 Usuarios Concurrentes 1-21
2026-10-06 16:12:19,644 INFO o.a.j.t.JMeterThread: Thread started: 100 Usuarios Concurrentes 1-83
2026-10-06 16:12:19,785 INFO o.a.j.t.JMeterThread: Thread is done: 100 Usuarios Concurrentes 1-22
2026-10-06 16:12:19,786 INFO o.a.j.t.JMeterThread: Thread finished: 100 Usuarios Concurrentes 1-22
2026-10-06 16:12:19,843 INFO o.a.j.t.JMeterThread: Thread started: 100 Usuarios Concurrentes 1-84
2026-10-06 16:12:19,986 INFO o.a.j.t.JMeterThread: Thread is done: 100 Usuarios Concurrentes 1-23
2026-10-06 16:12:19,986 INFO o.a.j.t.JMeterThread: Thread finished: 100 Usuarios Concurrentes 1-23
2026-10-06 16:12:20,043 INFO o.a.j.t.JMeterThread: Thread started: 100 Usuarios Concurrentes 1-85
2026-10-06 16:12:20,170 INFO o.a.j.t.JMeterThread: Thread is done: 100 Usuarios Concurrentes 1-24
2026-10-06 16:12:20,171 INFO o.a.j.t.JMeterThread: Thread finished: 100 Usuarios Concurrentes 1-24
2026-10-06 16:12:20,244 INFO o.a.j.t.JMeterThread: Thread started: 100 Usuarios Concurrentes 1-86
2026-10-06 16:12:20,365 INFO o.a.j.t.JMeterThread: Thread is done: 100 Usuarios Concurrentes 1-25
2026-10-06 16:12:20,365 INFO o.a.j.t.JMeterThread: Thread finished: 100 Usuarios Concurrentes 1-25
2026-10-06 16:12:20,443 INFO o.a.j.t.JMeterThread: Thread started: 100 Usuarios Concurrentes 1-87
2026-10-06 16:12:20,544 INFO o.a.j.t.JMeterThread: Thread is done: 100 Usuarios Concurrentes 1-26
2026-10-06 16:12:20,545 INFO o.a.j.t.JMeterThread: Thread finished: 100 Usuarios Concurrentes 1-26
2026-10-06 16:12:20,643 INFO o.a.j.t.JMeterThread: Thread started: 100 Usuarios Concurrentes 1-88
2026-10-06 16:12:20,761 INFO o.a.j.t.JMeterThread: Thread is done: 100 Usuarios Concurrentes 1-27
2026-10-06 16:12:20,761 INFO o.a.j.t.JMeterThread: Thread finished: 100 Usuarios Concurrentes 1-27
2026-10-06 16:12:20,843 INFO o.a.j.t.JMeterThread: Thread started: 100 Usuarios Concurrentes 1-89
2026-10-06 16:12:20,919 INFO o.a.j.t.JMeterThread: Thread is done: 100 Usuarios Concurrentes 1-28
2026-10-06 16:12:20,919 INFO o.a.j.t.JMeterThread: Thread finished: 100 Usuarios Concurrentes 1-28
2026-10-06 16:12:21,043 INFO o.a.j.t.JMeterThread: Thread started: 100 Usuarios Concurrentes 1-90
2026-10-06 16:12:21,116 INFO o.a.j.t.JMeterThread: Thread is done: 100 Usuarios Concurrentes 1-29
2026-10-06 16:12:21,117 INFO o.a.j.t.JMeterThread: Thread finished: 100 Usuarios Concurrentes 1-29
2026-10-06 16:12:21,243 INFO o.a.j.t.JMeterThread: Thread started: 100 Usuarios Concurrentes 1-91
2026-10-06 16:12:21,367 INFO o.a.j.t.JMeterThread: Thread is done: 100 Usuarios Concurrentes 1-30
2026-10-06 16:12:21,367 INFO o.a.j.t.JMeterThread: Thread finished: 100 Usuarios Concurrentes 1-30
2026-10-06 16:12:21,444 INFO o.a.j.t.JMeterThread: Thread started: 100 Usuarios Concurrentes 1-92
2026-10-06 16:12:21,500 INFO o.a.j.t.JMeterThread: Thread is done: 100 Usuarios Concurrentes 1-31
2026-10-06 16:12:21,501 INFO o.a.j.t.JMeterThread: Thread finished: 100 Usuarios Concurrentes 1-31
2026-10-06 16:12:21,643 INFO o.a.j.t.JMeterThread: Thread started: 100 Usuarios Concurrentes 1-93
2026-10-06 16:12:21,703 INFO o.a.j.t.JMeterThread: Thread is done: 100 Usuarios Concurrentes 1-32
2026-10-06 16:12:21,703 INFO o.a.j.t.JMeterThread: Thread finished: 100 Usuarios Concurrentes 1-32
2026-10-06 16:12:21,845 INFO o.a.j.t.JMeterThread: Thread started: 100 Usuarios Concurrentes 1-94
2026-10-06 16:12:21,907 INFO o.a.j.t.JMeterThread: Thread is done: 100 Usuarios Concurrentes 1-33
2026-10-06 16:12:21,907 INFO o.a.j.t.JMeterThread: Thread finished: 100 Usuarios Concurrentes 1-33
2026-10-06 16:12:22,043 INFO o.a.j.t.JMeterThread: Thread started: 100 Usuarios Concurrentes 1-95
2026-10-06 16:12:22,078 INFO o.a.j.t.JMeterThread: Thread is done: 100 Usuarios Concurrentes 1-34
2026-10-06 16:12:22,079 INFO o.a.j.t.JMeterThread: Thread finished: 100 Usuarios Concurrentes 1-34
2026-10-06 16:12:22,244 INFO o.a.j.t.JMeterThread: Thread started: 100 Usuarios Concurrentes 1-96
2026-10-06 16:12:22,291 INFO o.a.j.t.JMeterThread: Thread is done: 100 Usuarios Concurrentes 1-35
2026-10-06 16:12:22,291 INFO o.a.j.t.JMeterThread: Thread finished: 100 Usuarios Concurrentes 1-35
2026-10-06 16:12:22,444 INFO o.a.j.t.JMeterThread: Thread started: 100 Usuarios Concurrentes 1-97
2026-10-06 16:12:22,487 INFO o.a.j.t.JMeterThread: Thread is done: 100 Usuarios Concurrentes 1-36
2026-10-06 16:12:22,487 INFO o.a.j.t.JMeterThread: Thread finished: 100 Usuarios Concurrentes 1-36
2026-10-06 16:12:22,643 INFO o.a.j.t.JMeterThread: Thread started: 100 Usuarios Concurrentes 1-98
2026-10-06 16:12:22,693 INFO o.a.j.t.JMeterThread: Thread is done: 100 Usuarios Concurrentes 1-37
2026-10-06 16:12:22,694 INFO o.a.j.t.JMeterThread: Thread finished: 100 Usuarios Concurrentes 1-37
2026-10-06 16:12:22,845 INFO o.a.j.t.JMeterThread: Thread started: 100 Usuarios Concurrentes 1-99
2026-10-06 16:12:22,872 INFO o.a.j.t.JMeterThread: Thread is done: 100 Usuarios Concurrentes 1-38
2026-10-06 16:12:22,872 INFO o.a.j.t.JMeterThread: Thread finished: 100 Usuarios Concurrentes 1-38
2026-10-06 16:12:23,045 INFO o.a.j.t.JMeterThread: Thread started: 100 Usuarios Concurrentes 1-100
2026-10-06 16:12:23,077 INFO o.a.j.t.JMeterThread: Thread is done: 100 Usuarios Concurrentes 1-39
2026-10-06 16:12:23,078 INFO o.a.j.t.JMeterThread: Thread finished: 100 Usuarios Concurrentes 1-39
2026-10-06 16:12:23,262 INFO o.a.j.t.JMeterThread: Thread is done: 100 Usuarios Concurrentes 1-40
2026-10-06 16:12:23,262 INFO o.a.j.t.JMeterThread: Thread finished: 100 Usuarios Concurrentes 1-40
2026-10-06 16:12:23,440 INFO o.a.j.t.JMeterThread: Thread is done: 100 Usuarios Concurrentes 1-41
2026-10-06 16:12:23,441 INFO o.a.j.t.JMeterThread: Thread finished: 100 Usuarios Concurrentes 1-41
2026-10-06 16:12:23,640 INFO o.a.j.t.JMeterThread: Thread is done: 100 Usuarios Concurrentes 1-42
2026-10-06 16:12:23,641 INFO o.a.j.t.JMeterThread: Thread finished: 100 Usuarios Concurrentes 1-42
2026-10-06 16:12:23,878 INFO o.a.j.t.JMeterThread: Thread is done: 100 Usuarios Concurrentes 1-43
2026-10-06 16:12:23,878 INFO o.a.j.t.JMeterThread: Thread finished: 100 Usuarios Concurrentes 1-43
2026-10-06 16:12:24,041 INFO o.a.j.t.JMeterThread: Thread is done: 100 Usuarios Concurrentes 1-44
2026-10-06 16:12:24,042 INFO o.a.j.t.JMeterThread: Thread finished: 100 Usuarios Concurrentes 1-44
2026-10-06 16:12:24,231 INFO o.a.j.t.JMeterThread: Thread is done: 100 Usuarios Concurrentes 1-45
2026-10-06 16:12:24,231 INFO o.a.j.t.JMeterThread: Thread finished: 100 Usuarios Concurrentes 1-45
2026-10-06 16:12:24,437 INFO o.a.j.t.JMeterThread: Thread is done: 100 Usuarios Concurrentes 1-46
2026-10-06 16:12:24,437 INFO o.a.j.t.JMeterThread: Thread finished: 100 Usuarios Concurrentes 1-46
2026-10-06 16:12:24,636 INFO o.a.j.t.JMeterThread: Thread is done: 100 Usuarios Concurrentes 1-47
2026-10-06 16:12:24,637 INFO o.a.j.t.JMeterThread: Thread finished: 100 Usuarios Concurrentes 1-47
2026-10-06 16:12:24,833 INFO o.a.j.t.JMeterThread: Thread is done: 100 Usuarios Concurrentes 1-48
2026-10-06 16:12:24,833 INFO o.a.j.t.JMeterThread: Thread finished: 100 Usuarios Concurrentes 1-48
2026-10-06 16:12:25,013 INFO o.a.j.t.JMeterThread: Thread is done: 100 Usuarios Concurrentes 1-49
2026-10-06 16:12:25,013 INFO o.a.j.t.JMeterThread: Thread finished: 100 Usuarios Concurrentes 1-49
2026-10-06 16:12:25,237 INFO o.a.j.t.JMeterThread: Thread is done: 100 Usuarios Concurrentes 1-50
2026-10-06 16:12:25,238 INFO o.a.j.t.JMeterThread: Thread finished: 100 Usuarios Concurrentes 1-50
2026-10-06 16:12:25,436 INFO o.a.j.t.JMeterThread: Thread is done: 100 Usuarios Concurrentes 1-51
2026-10-06 16:12:25,436 INFO o.a.j.t.JMeterThread: Thread finished: 100 Usuarios Concurrentes 1-51
2026-10-06 16:12:25,615 INFO o.a.j.t.JMeterThread: Thread is done: 100 Usuarios Concurrentes 1-52
2026-10-06 16:12:25,615 INFO o.a.j.t.JMeterThread: Thread finished: 100 Usuarios Concurrentes 1-52
2026-10-06 16:12:25,818 INFO o.a.j.t.JMeterThread: Thread is done: 100 Usuarios Concurrentes 1-53
2026-10-06 16:12:25,818 INFO o.a.j.t.JMeterThread: Thread finished: 100 Usuarios Concurrentes 1-53
2026-10-06 16:12:26,021 INFO o.a.j.t.JMeterThread: Thread is done: 100 Usuarios Concurrentes 1-54
2026-10-06 16:12:26,021 INFO o.a.j.t.JMeterThread: Thread finished: 100 Usuarios Concurrentes 1-54
2026-10-06 16:12:26,210 INFO o.a.j.t.JMeterThread: Thread is done: 100 Usuarios Concurrentes 1-55
2026-10-06 16:12:26,211 INFO o.a.j.t.JMeterThread: Thread finished: 100 Usuarios Concurrentes 1-55
2026-10-06 16:12:26,428 INFO o.a.j.t.JMeterThread: Thread is done: 100 Usuarios Concurrentes 1-56
2026-10-06 16:12:26,429 INFO o.a.j.t.JMeterThread: Thread finished: 100 Usuarios Concurrentes 1-56
2026-10-06 16:12:26,618 INFO o.a.j.t.JMeterThread: Thread is done: 100 Usuarios Concurrentes 1-57
2026-10-06 16:12:26,619 INFO o.a.j.t.JMeterThread: Thread finished: 100 Usuarios Concurrentes 1-57
2026-10-06 16:12:26,821 INFO o.a.j.t.JMeterThread: Thread is done: 100 Usuarios Concurrentes 1-58
2026-10-06 16:12:26,822 INFO o.a.j.t.JMeterThread: Thread finished: 100 Usuarios Concurrentes 1-58
2026-10-06 16:12:27,014 INFO o.a.j.t.JMeterThread: Thread is done: 100 Usuarios Concurrentes 1-59
2026-10-06 16:12:27,015 INFO o.a.j.t.JMeterThread: Thread finished: 100 Usuarios Concurrentes 1-59
2026-10-06 16:12:27,218 INFO o.a.j.t.JMeterThread: Thread is done: 100 Usuarios Concurrentes 1-60
2026-10-06 16:12:27,218 INFO o.a.j.t.JMeterThread: Thread finished: 100 Usuarios Concurrentes 1-60
2026-10-06 16:12:27,417 INFO o.a.j.t.JMeterThread: Thread is done: 100 Usuarios Concurrentes 1-61
2026-10-06 16:12:27,417 INFO o.a.j.t.JMeterThread: Thread finished: 100 Usuarios Concurrentes 1-61
2026-10-06 16:12:27,618 INFO o.a.j.t.JMeterThread: Thread is done: 100 Usuarios Concurrentes 1-62
2026-10-06 16:12:27,618 INFO o.a.j.t.JMeterThread: Thread finished: 100 Usuarios Concurrentes 1-62
2026-10-06 16:12:27,820 INFO o.a.j.t.JMeterThread: Thread is done: 100 Usuarios Concurrentes 1-63
2026-10-06 16:12:27,821 INFO o.a.j.t.JMeterThread: Thread finished: 100 Usuarios Concurrentes 1-63
2026-10-06 16:12:28,023 INFO o.a.j.t.JMeterThread: Thread is done: 100 Usuarios Concurrentes 1-64
2026-10-06 16:12:28,023 INFO o.a.j.t.JMeterThread: Thread finished: 100 Usuarios Concurrentes 1-64
2026-10-06 16:12:28,217 INFO o.a.j.t.JMeterThread: Thread is done: 100 Usuarios Concurrentes 1-65
2026-10-06 16:12:28,218 INFO o.a.j.t.JMeterThread: Thread finished: 100 Usuarios Concurrentes 1-65
2026-10-06 16:12:28,421 INFO o.a.j.t.JMeterThread: Thread is done: 100 Usuarios Concurrentes 1-66
2026-10-06 16:12:28,421 INFO o.a.j.t.JMeterThread: Thread finished: 100 Usuarios Concurrentes 1-66
2026-10-06 16:12:28,621 INFO o.a.j.t.JMeterThread: Thread is done: 100 Usuarios Concurrentes 1-67
2026-10-06 16:12:28,622 INFO o.a.j.t.JMeterThread: Thread finished: 100 Usuarios Concurrentes 1-67
2026-10-06 16:12:28,813 INFO o.a.j.t.JMeterThread: Thread is done: 100 Usuarios Concurrentes 1-68
2026-10-06 16:12:28,813 INFO o.a.j.t.JMeterThread: Thread finished: 100 Usuarios Concurrentes 1-68
2026-10-06 16:12:29,025 INFO o.a.j.t.JMeterThread: Thread is done: 100 Usuarios Concurrentes 1-69
2026-10-06 16:12:29,025 INFO o.a.j.t.JMeterThread: Thread finished: 100 Usuarios Concurrentes 1-69
2026-10-06 16:12:29,221 INFO o.a.j.t.JMeterThread: Thread is done: 100 Usuarios Concurrentes 1-70
2026-10-06 16:12:29,221 INFO o.a.j.t.JMeterThread: Thread finished: 100 Usuarios Concurrentes 1-70
2026-10-06 16:12:29,420 INFO o.a.j.t.JMeterThread: Thread is done: 100 Usuarios Concurrentes 1-71
2026-10-06 16:12:29,420 INFO o.a.j.t.JMeterThread: Thread finished: 100 Usuarios Concurrentes 1-71
2026-10-06 16:12:29,626 INFO o.a.j.t.JMeterThread: Thread is done: 100 Usuarios Concurrentes 1-72
2026-10-06 16:12:29,626 INFO o.a.j.t.JMeterThread: Thread finished: 100 Usuarios Concurrentes 1-72
2026-10-06 16:12:29,820 INFO o.a.j.t.JMeterThread: Thread is done: 100 Usuarios Concurrentes 1-73
2026-10-06 16:12:29,820 INFO o.a.j.t.JMeterThread: Thread finished: 100 Usuarios Concurrentes 1-73
2026-10-06 16:12:30,002 INFO o.a.j.r.Summariser: summary +   5640 in 00:00:26 =  214.6/s Avg:     3 Min:     0 Max:    71 Err:     0 (0.00%) Active: 27 Started: 100 Finished: 73
2026-10-06 16:12:30,003 INFO o.a.j.r.Summariser: summary =   5641 in 00:00:27 =  210.5/s Avg:     3 Min:     0 Max:    79 Err:     0 (0.00%)
2026-10-06 16:12:30,012 INFO o.a.j.t.JMeterThread: Thread is done: 100 Usuarios Concurrentes 1-74
2026-10-06 16:12:30,012 INFO o.a.j.t.JMeterThread: Thread finished: 100 Usuarios Concurrentes 1-74
2026-10-06 16:12:30,224 INFO o.a.j.t.JMeterThread: Thread is done: 100 Usuarios Concurrentes 1-75
2026-10-06 16:12:30,225 INFO o.a.j.t.JMeterThread: Thread finished: 100 Usuarios Concurrentes 1-75
2026-10-06 16:12:30,419 INFO o.a.j.t.JMeterThread: Thread is done: 100 Usuarios Concurrentes 1-76
2026-10-06 16:12:30,419 INFO o.a.j.t.JMeterThread: Thread finished: 100 Usuarios Concurrentes 1-76
2026-10-06 16:12:30,614 INFO o.a.j.t.JMeterThread: Thread is done: 100 Usuarios Concurrentes 1-77
2026-10-06 16:12:30,614 INFO o.a.j.t.JMeterThread: Thread finished: 100 Usuarios Concurrentes 1-77
2026-10-06 16:12:30,839 INFO o.a.j.t.JMeterThread: Thread is done: 100 Usuarios Concurrentes 1-78
2026-10-06 16:12:30,839 INFO o.a.j.t.JMeterThread: Thread finished: 100 Usuarios Concurrentes 1-78
2026-10-06 16:12:31,024 INFO o.a.j.t.JMeterThread: Thread is done: 100 Usuarios Concurrentes 1-79
2026-10-06 16:12:31,025 INFO o.a.j.t.JMeterThread: Thread finished: 100 Usuarios Concurrentes 1-79
2026-10-06 16:12:31,221 INFO o.a.j.t.JMeterThread: Thread is done: 100 Usuarios Concurrentes 1-80
2026-10-06 16:12:31,221 INFO o.a.j.t.JMeterThread: Thread finished: 100 Usuarios Concurrentes 1-80
2026-10-06 16:12:31,424 INFO o.a.j.t.JMeterThread: Thread is done: 100 Usuarios Concurrentes 1-81
2026-10-06 16:12:31,425 INFO o.a.j.t.JMeterThread: Thread finished: 100 Usuarios Concurrentes 1-81
2026-10-06 16:12:31,617 INFO o.a.j.t.JMeterThread: Thread is done: 100 Usuarios Concurrentes 1-82
2026-10-06 16:12:31,618 INFO o.a.j.t.JMeterThread: Thread finished: 100 Usuarios Concurrentes 1-82
2026-10-06 16:12:31,830 INFO o.a.j.t.JMeterThread: Thread is done: 100 Usuarios Concurrentes 1-83
2026-10-06 16:12:31,830 INFO o.a.j.t.JMeterThread: Thread finished: 100 Usuarios Concurrentes 1-83
2026-10-06 16:12:32,020 INFO o.a.j.t.JMeterThread: Thread is done: 100 Usuarios Concurrentes 1-84
2026-10-06 16:12:32,020 INFO o.a.j.t.JMeterThread: Thread finished: 100 Usuarios Concurrentes 1-84
2026-10-06 16:12:32,225 INFO o.a.j.t.JMeterThread: Thread is done: 100 Usuarios Concurrentes 1-85
2026-10-06 16:12:32,225 INFO o.a.j.t.JMeterThread: Thread finished: 100 Usuarios Concurrentes 1-85
2026-10-06 16:12:32,407 INFO o.a.j.t.JMeterThread: Thread is done: 100 Usuarios Concurrentes 1-86
2026-10-06 16:12:32,407 INFO o.a.j.t.JMeterThread: Thread finished: 100 Usuarios Concurrentes 1-86
2026-10-06 16:12:32,607 INFO o.a.j.t.JMeterThread: Thread is done: 100 Usuarios Concurrentes 1-87
2026-10-06 16:12:32,608 INFO o.a.j.t.JMeterThread: Thread finished: 100 Usuarios Concurrentes 1-87
2026-10-06 16:12:32,813 INFO o.a.j.t.JMeterThread: Thread is done: 100 Usuarios Concurrentes 1-88
2026-10-06 16:12:32,813 INFO o.a.j.t.JMeterThread: Thread finished: 100 Usuarios Concurrentes 1-88
2026-10-06 16:12:33,012 INFO o.a.j.t.JMeterThread: Thread is done: 100 Usuarios Concurrentes 1-89
2026-10-06 16:12:33,013 INFO o.a.j.t.JMeterThread: Thread finished: 100 Usuarios Concurrentes 1-89
2026-10-06 16:12:33,198 INFO o.a.j.t.JMeterThread: Thread is done: 100 Usuarios Concurrentes 1-90
2026-10-06 16:12:33,198 INFO o.a.j.t.JMeterThread: Thread finished: 100 Usuarios Concurrentes 1-90
2026-10-06 16:12:33,408 INFO o.a.j.t.JMeterThread: Thread is done: 100 Usuarios Concurrentes 1-91
2026-10-06 16:12:33,408 INFO o.a.j.t.JMeterThread: Thread finished: 100 Usuarios Concurrentes 1-91
2026-10-06 16:12:33,623 INFO o.a.j.t.JMeterThread: Thread is done: 100 Usuarios Concurrentes 1-92
2026-10-06 16:12:33,623 INFO o.a.j.t.JMeterThread: Thread finished: 100 Usuarios Concurrentes 1-92
2026-10-06 16:12:33,803 INFO o.a.j.t.JMeterThread: Thread is done: 100 Usuarios Concurrentes 1-93
2026-10-06 16:12:33,803 INFO o.a.j.t.JMeterThread: Thread finished: 100 Usuarios Concurrentes 1-93
2026-10-06 16:12:34,019 INFO o.a.j.t.JMeterThread: Thread is done: 100 Usuarios Concurrentes 1-94
2026-10-06 16:12:34,020 INFO o.a.j.t.JMeterThread: Thread finished: 100 Usuarios Concurrentes 1-94
2026-10-06 16:12:34,208 INFO o.a.j.t.JMeterThread: Thread is done: 100 Usuarios Concurrentes 1-95
2026-10-06 16:12:34,208 INFO o.a.j.t.JMeterThread: Thread finished: 100 Usuarios Concurrentes 1-95
2026-10-06 16:12:34,411 INFO o.a.j.t.JMeterThread: Thread is done: 100 Usuarios Concurrentes 1-96
2026-10-06 16:12:34,411 INFO o.a.j.t.JMeterThread: Thread finished: 100 Usuarios Concurrentes 1-96
2026-10-06 16:12:34,606 INFO o.a.j.t.JMeterThread: Thread is done: 100 Usuarios Concurrentes 1-97
2026-10-06 16:12:34,607 INFO o.a.j.t.JMeterThread: Thread finished: 100 Usuarios Concurrentes 1-97
2026-10-06 16:12:34,799 INFO o.a.j.t.JMeterThread: Thread is done: 100 Usuarios Concurrentes 1-98
2026-10-06 16:12:34,799 INFO o.a.j.t.JMeterThread: Thread finished: 100 Usuarios Concurrentes 1-98
2026-10-06 16:12:35,003 INFO o.a.j.t.JMeterThread: Thread is done: 100 Usuarios Concurrentes 1-99
2026-10-06 16:12:35,004 INFO o.a.j.t.JMeterThread: Thread finished: 100 Usuarios Concurrentes 1-99
2026-10-06 16:12:35,219 INFO o.a.j.t.JMeterThread: Thread is done: 100 Usuarios Concurrentes 1-100
2026-10-06 16:12:35,219 INFO o.a.j.t.JMeterThread: Thread finished: 100 Usuarios Concurrentes 1-100
2026-10-06 16:12:35,221 INFO o.a.j.e.StandardJMeterEngine: Notifying test listeners of end of test
2026-10-06 16:12:35,223 INFO o.a.j.r.Summariser: summary +    359 in 00:00:05 =   68.8/s Avg:     1 Min:     0 Max:    11 Err:     0 (0.00%) Active: 0 Started: 100 Finished: 100
2026-10-06 16:12:35,226 INFO o.a.j.r.Summariser: summary =   6000 in 00:00:32 =  187.4/s Avg:     3 Min:     0 Max:    79 Err:     0 (0.00%)
2026-10-06 16:12:35,227 INFO o.a.j.JMeter: Generating Dashboard
2026-10-06 16:12:35,227 INFO o.a.j.r.d.ReportGenerator: Flushing result collector before report Generation
2026-10-06 16:12:35,274 INFO o.a.j.r.p.NormalizerSampleConsumer: Using format, 'ms', to parse timeStamp field
2026-10-06 16:12:36,044 INFO o.a.j.r.p.AbstractSampleConsumer: class org.apache.jmeter.report.processor.AggregateConsumer#stopProducing(): beginDate produced 0 samples
2026-10-06 16:12:36,045 INFO o.a.j.r.p.AbstractSampleConsumer: class org.apache.jmeter.report.processor.AggregateConsumer#stopProducing(): endDate produced 0 samples
2026-10-06 16:12:36,053 INFO o.a.j.r.p.AbstractSampleConsumer: class org.apache.jmeter.report.processor.ApdexSummaryConsumer#stopProducing(): apdexSummary produced 0 samples
2026-10-06 16:12:36,054 INFO o.a.j.r.p.AbstractSampleConsumer: class org.apache.jmeter.report.processor.RequestsSummaryConsumer#stopProducing(): requestsSummary produced 0 samples
2026-10-06 16:12:36,075 INFO o.a.j.r.p.AbstractSampleConsumer: class org.apache.jmeter.report.processor.StatisticsSummaryConsumer#stopProducing(): statisticsSummary produced 0 samples
2026-10-06 16:12:36,078 INFO o.a.j.r.p.AbstractSampleConsumer: class org.apache.jmeter.report.processor.Top5ErrorsBySamplerConsumer#stopProducing(): top5ErrorsBySampler produced 0 samples
2026-10-06 16:12:36,079 INFO o.a.j.r.p.AbstractSampleConsumer: class org.apache.jmeter.report.processor.ErrorsSummaryConsumer#stopProducing(): errorsSummary produced 0 samples
2026-10-06 16:12:36,079 INFO o.a.j.r.p.AbstractSampleConsumer: class org.apache.jmeter.report.processor.graph.impl.HitsPerSecondGraphConsumer#stopProducing(): hitsPerSecond produced 0 samples
2026-10-06 16:12:36,326 INFO o.a.j.r.p.AbstractSampleConsumer: class org.apache.jmeter.report.processor.graph.impl.LatencyVSRequestGraphConsumer#stopProducing(): latencyVsRequest produced 0 samples
2026-10-06 16:12:36,328 INFO o.a.j.r.p.AbstractSampleConsumer: class org.apache.jmeter.report.processor.graph.impl.SyntheticResponseTimeDistributionGraphConsumer#stopProducing(): syntheticResponseTimeDistribution produced 0 samples
2026-10-06 16:12:36,329 INFO o.a.j.r.p.AbstractSampleConsumer: class org.apache.jmeter.report.processor.graph.impl.BytesThroughputGraphConsumer#stopProducing(): bytesThroughputOverTime produced 0 samples
2026-10-06 16:12:36,329 INFO o.a.j.r.p.AbstractSampleConsumer: class org.apache.jmeter.report.processor.graph.impl.CodesPerSecondGraphConsumer#stopProducing(): codesPerSecond produced 0 samples
2026-10-06 16:12:36,519 INFO o.a.j.r.p.AbstractSampleConsumer: class org.apache.jmeter.report.processor.graph.impl.ResponseTimeVSRequestGraphConsumer#stopProducing(): responseTimeVsRequest produced 0 samples
2026-10-06 16:12:36,520 INFO o.a.j.r.p.AbstractSampleConsumer: class org.apache.jmeter.report.processor.FilterConsumer#stopProducing(): startIntervalControlerFilter produced 42000 samples
2026-10-06 16:12:36,521 INFO o.a.j.r.p.AbstractSampleConsumer: class org.apache.jmeter.report.processor.graph.impl.TotalTPSGraphConsumer#stopProducing(): totalTPS produced 0 samples
2026-10-06 16:12:36,521 INFO o.a.j.r.p.AbstractSampleConsumer: class org.apache.jmeter.report.processor.graph.impl.ActiveThreadsGraphConsumer#stopProducing(): activeThreadsOverTime produced 0 samples
2026-10-06 16:12:36,521 INFO o.a.j.r.p.AbstractSampleConsumer: class org.apache.jmeter.report.processor.graph.impl.TimeVSThreadGraphConsumer#stopProducing(): timeVsThreads produced 0 samples
2026-10-06 16:12:36,522 INFO o.a.j.r.p.AbstractSampleConsumer: class org.apache.jmeter.report.processor.graph.impl.ResponseTimeDistributionGraphConsumer#stopProducing(): responseTimeDistribution produced 0 samples
2026-10-06 16:12:36,522 INFO o.a.j.r.p.AbstractSampleConsumer: class org.apache.jmeter.report.processor.graph.impl.TransactionsPerSecondGraphConsumer#stopProducing(): transactionsPerSecond produced 0 samples
2026-10-06 16:12:36,522 INFO o.a.j.r.p.AbstractSampleConsumer: class org.apache.jmeter.report.processor.graph.impl.ResponseTimePercentilesGraphConsumer#stopProducing(): responseTimePercentiles produced 0 samples
2026-10-06 16:12:36,524 INFO o.a.j.r.p.AbstractSampleConsumer: class org.apache.jmeter.report.processor.graph.impl.ResponseTimePercentilesOverTimeGraphConsumer#stopProducing(): responseTimePercentilesOverTime produced 0 samples
2026-10-06 16:12:36,528 INFO o.a.j.r.p.AbstractSampleConsumer: class org.apache.jmeter.report.processor.graph.impl.ResponseTimeOverTimeGraphConsumer#stopProducing(): responseTimesOverTime produced 0 samples
2026-10-06 16:12:36,528 INFO o.a.j.r.p.AbstractSampleConsumer: class org.apache.jmeter.report.processor.graph.impl.ConnectTimeOverTimeGraphConsumer#stopProducing(): connectTimeOverTime produced 0 samples
2026-10-06 16:12:36,528 INFO o.a.j.r.p.AbstractSampleConsumer: class org.apache.jmeter.report.processor.graph.impl.LatencyOverTimeGraphConsumer#stopProducing(): latenciesOverTime produced 0 samples
2026-10-06 16:12:36,528 INFO o.a.j.r.p.AbstractSampleConsumer: class org.apache.jmeter.report.processor.FilterConsumer#stopProducing(): nameFilter produced 90000 samples
2026-10-06 16:12:36,528 INFO o.a.j.r.p.AbstractSampleConsumer: class org.apache.jmeter.report.processor.FilterConsumer#stopProducing(): dateRangeFilter produced 18000 samples
2026-10-06 16:12:36,528 INFO o.a.j.r.p.AbstractSampleConsumer: class org.apache.jmeter.report.processor.NormalizerSampleConsumer#stopProducing(): normalizer produced 6000 samples
2026-10-06 16:12:36,529 INFO o.a.j.r.p.CsvFileSampleSource: produce(): 6000 samples produced in 1s 153 ms on channel 0
2026-10-06 16:12:36,529 INFO o.a.j.r.d.ReportGenerator: Exporting data using exporter:'json' of className:'org.apache.jmeter.report.dashboard.JsonExporter'
2026-10-06 16:12:36,690 INFO o.a.j.r.d.JsonExporter: Found data for consumer statisticsSummary in context
2026-10-06 16:12:36,690 INFO o.a.j.r.d.JsonExporter: Creating statistics for overall
2026-10-06 16:12:36,691 INFO o.a.j.r.d.JsonExporter: Creating statistics for other transactions
2026-10-06 16:12:36,691 INFO o.a.j.r.d.JsonExporter: Checking output folder
2026-10-06 16:12:36,692 INFO o.a.j.r.d.JsonExporter: Writing statistics JSON to /home/silva/Downloads/00_PSW_ValeryChumpitaz-main/PSW_Pipeline_Base/evidencias/04-jmeter/reporte-html/statistics.json
2026-10-06 16:12:36,772 INFO o.a.j.r.d.ReportGenerator: Exporting data using exporter:'html' of className:'org.apache.jmeter.report.dashboard.HtmlTemplateExporter'
2026-10-06 16:12:36,776 INFO o.a.j.r.d.HtmlTemplateExporter: Will generate dashboard in folder: /home/silva/Downloads/00_PSW_ValeryChumpitaz-main/PSW_Pipeline_Base/evidencias/04-jmeter/reporte-html
2026-10-06 16:12:36,993 INFO o.a.j.r.d.HtmlTemplateExporter: Report will be generated in: /home/silva/Downloads/00_PSW_ValeryChumpitaz-main/PSW_Pipeline_Base/evidencias/04-jmeter/reporte-html, creating folder structure
2026-10-06 16:12:36,996 INFO o.a.j.r.d.TemplateVisitor: Copying folder from '/tmp/opencode/apache-jmeter-5.6.3/bin/report-template' to '/home/silva/Downloads/00_PSW_ValeryChumpitaz-main/PSW_Pipeline_Base/evidencias/04-jmeter/reporte-html', got message: /home/silva/Downloads/00_PSW_ValeryChumpitaz-main/PSW_Pipeline_Base/evidencias/04-jmeter/reporte-html, found non empty folder with following content [/home/silva/Downloads/00_PSW_ValeryChumpitaz-main/PSW_Pipeline_Base/evidencias/04-jmeter/reporte-html/statistics.json], will be ignored
2026-10-06 16:12:37,363 INFO o.a.j.JMeter: Dashboard generated
