[INFO] Scanning for projects...
[INFO] 
[INFO] ----------------< pe.edu.vallegrande:psw-pipeline-base >----------------
[INFO] Building PSW Pipeline Base 0.0.1-SNAPSHOT
[INFO]   from pom.xml
[INFO] --------------------------------[ jar ]---------------------------------
[INFO] 
[INFO] --- clean:3.4.1:clean (default-clean) @ psw-pipeline-base ---
[INFO] Deleting /home/silva/Downloads/00_PSW_ValeryChumpitaz-main/PSW_Pipeline_Base/target
[INFO] 
[INFO] --- jacoco:0.8.14:prepare-agent (default) @ psw-pipeline-base ---
[INFO] argLine set to -javaagent:/home/silva/.m2/repository/org/jacoco/org.jacoco.agent/0.8.14/org.jacoco.agent-0.8.14-runtime.jar=destfile=/home/silva/Downloads/00_PSW_ValeryChumpitaz-main/PSW_Pipeline_Base/target/jacoco.exec
[INFO] 
[INFO] --- resources:3.3.1:resources (default-resources) @ psw-pipeline-base ---
[INFO] Copying 1 resource from src/main/resources to target/classes
[INFO] Copying 0 resource from src/main/resources to target/classes
[INFO] 
[INFO] --- compiler:3.14.0:compile (default-compile) @ psw-pipeline-base ---
[INFO] Recompiling the module because of changed source code.
[INFO] Compiling 6 source files with javac [debug parameters release 17] to target/classes
[INFO] 
[INFO] --- resources:3.3.1:testResources (default-testResources) @ psw-pipeline-base ---
[INFO] skip non existing resourceDirectory /home/silva/Downloads/00_PSW_ValeryChumpitaz-main/PSW_Pipeline_Base/src/test/resources
[INFO] 
[INFO] --- compiler:3.14.0:testCompile (default-testCompile) @ psw-pipeline-base ---
[INFO] Recompiling the module because of changed dependency.
[INFO] Compiling 3 source files with javac [debug parameters release 17] to target/test-classes
[INFO] 
[INFO] --- surefire:3.5.4:test (default-test) @ psw-pipeline-base ---
[INFO] Using auto detected provider org.apache.maven.surefire.junitplatform.JUnitPlatformProvider
[INFO] 
[INFO] -------------------------------------------------------
[INFO]  T E S T S
[INFO] -------------------------------------------------------
[INFO] Running vallegrande.edu.pe.model.ModelTest
[INFO] Tests run: 3, Failures: 0, Errors: 0, Skipped: 0, Time elapsed: 0.401 s -- in vallegrande.edu.pe.model.ModelTest
[INFO] Running vallegrande.edu.pe.service.ProductServiceTest
[INFO] Tests run: 8, Failures: 0, Errors: 0, Skipped: 0, Time elapsed: 0.059 s -- in vallegrande.edu.pe.service.ProductServiceTest
[INFO] Running vallegrande.edu.pe.controller.AuthControllerTest
[INFO] Tests run: 3, Failures: 0, Errors: 0, Skipped: 0, Time elapsed: 0.021 s -- in vallegrande.edu.pe.controller.AuthControllerTest
[INFO] 
[INFO] Results:
[INFO] 
[INFO] Tests run: 14, Failures: 0, Errors: 0, Skipped: 0
[INFO] 
[INFO] 
[INFO] --- jacoco:0.8.14:report (report) @ psw-pipeline-base ---
[INFO] Loading execution data file /home/silva/Downloads/00_PSW_ValeryChumpitaz-main/PSW_Pipeline_Base/target/jacoco.exec
[INFO] Analyzed bundle 'PSW Pipeline Base' with 6 classes
[INFO] 
[INFO] --- jar:3.4.2:jar (default-jar) @ psw-pipeline-base ---
[INFO] Building jar: /home/silva/Downloads/00_PSW_ValeryChumpitaz-main/PSW_Pipeline_Base/target/psw-pipeline-base-0.0.1-SNAPSHOT.jar
[INFO] 
[INFO] --- spring-boot:3.5.6:repackage (repackage) @ psw-pipeline-base ---
[INFO] Replacing main artifact /home/silva/Downloads/00_PSW_ValeryChumpitaz-main/PSW_Pipeline_Base/target/psw-pipeline-base-0.0.1-SNAPSHOT.jar with repackaged archive, adding nested dependencies in BOOT-INF/.
[INFO] The original artifact has been renamed to /home/silva/Downloads/00_PSW_ValeryChumpitaz-main/PSW_Pipeline_Base/target/psw-pipeline-base-0.0.1-SNAPSHOT.jar.original
[INFO] 
[INFO] ----------------< pe.edu.vallegrande:psw-pipeline-base >----------------
[INFO] Building PSW Pipeline Base 0.0.1-SNAPSHOT
[INFO]   from pom.xml
[INFO] --------------------------------[ jar ]---------------------------------
[INFO] 
[INFO] --- sonar:3.9.1.2184:sonar (default-cli) @ psw-pipeline-base ---
[INFO] User cache: /home/silva/.sonar/cache
[INFO] SonarQube version: 9.9.8.100196
[WARNING] Plugin is modifying testCompileSourceRoots through iterator.remove(), which will not work in Maven 4.0.0. Use MavenProject.addTestCompileSourceRoot()/removeTestCompileSourceRoot() methods instead. If using a plugin, please upgrade to the latest version or report the issue to the plugin maintainer. To disable these warnings, set -Dmaven.project.sourceRoots.warningsDisabled=true on the command line, in the .mvn/maven.config file, or in project POM properties.
[INFO] Default locale: "en_US", source code encoding: "UTF-8"
[INFO] Load global settings
[INFO] Load global settings (done) | time=522ms
[INFO] Server id: 147B411E-AaETBDNwAEkW0KABn16a
[INFO] User cache: /home/silva/.sonar/cache
[INFO] Load/download plugins
[INFO] Load plugins index
[INFO] Load plugins index (done) | time=354ms
[INFO] Load/download plugins (done) | time=590ms
[INFO] Process project properties
[INFO] Process project properties (done) | time=45ms
[INFO] Execute project builders
[INFO] Execute project builders (done) | time=4ms
[INFO] Project key: psw-pipeline-base
[INFO] Base dir: /home/silva/Downloads/00_PSW_ValeryChumpitaz-main/PSW_Pipeline_Base
[INFO] Working dir: /home/silva/Downloads/00_PSW_ValeryChumpitaz-main/PSW_Pipeline_Base/target/sonar
[INFO] Load project settings for component key: 'psw-pipeline-base'
[INFO] Load quality profiles
[INFO] Load quality profiles (done) | time=668ms
[INFO] Load active rules
[INFO] Load active rules (done) | time=7704ms
[INFO] Load analysis cache
[INFO] Load analysis cache (404) | time=15ms
[INFO] Load project repositories
[INFO] Load project repositories (done) | time=13ms
[INFO] Indexing files...
[INFO] Project configuration:
[INFO] 10 files indexed
[INFO] 0 files ignored because of scm ignore settings
[INFO] Quality profile for java: Sonar way
[INFO] Quality profile for xml: Sonar way
[INFO] ------------- Run sensors on module PSW Pipeline Base
[INFO] Load metrics repository
[INFO] Load metrics repository (done) | time=78ms
[INFO] Sensor JavaSensor [java]
[INFO] Configured Java source version (sonar.java.source): 17
[INFO] JavaClasspath initialization
[INFO] JavaClasspath initialization (done) | time=13ms
[INFO] JavaTestClasspath initialization
[INFO] JavaTestClasspath initialization (done) | time=10ms
[INFO] Server-side caching is enabled. The Java analyzer will not try to leverage data from a previous analysis.
[INFO] Using ECJ batch to parse 6 Main java source files with batch size 205 KB.
[INFO] Starting batch processing.
[INFO] The Java analyzer cannot skip unchanged files in this context. A full analysis is performed for all files.
[INFO] 100% analyzed
[INFO] Batch processing: Done.
[INFO] Did not optimize analysis for any files, performed a full analysis for all 6 files.
[INFO] Using ECJ batch to parse 3 Test java source files with batch size 205 KB.
[INFO] Starting batch processing.
[INFO] 100% analyzed
[INFO] Batch processing: Done.
[INFO] Did not optimize analysis for any files, performed a full analysis for all 3 files.
[INFO] No "Generated" source files to scan.
[INFO] Sensor JavaSensor [java] (done) | time=4831ms
[INFO] Sensor JaCoCo XML Report Importer [jacoco]
[INFO] 'sonar.coverage.jacoco.xmlReportPaths' is not defined. Using default locations: target/site/jacoco/jacoco.xml,target/site/jacoco-it/jacoco.xml,build/reports/jacoco/test/jacocoTestReport.xml
[INFO] Importing 1 report(s). Turn your logs in debug mode in order to see the exhaustive list.
[INFO] Sensor JaCoCo XML Report Importer [jacoco] (done) | time=68ms
[INFO] Sensor CSS Rules [javascript]
[INFO] No CSS, PHP, HTML or VueJS files are found in the project. CSS analysis is skipped.
[INFO] Sensor CSS Rules [javascript] (done) | time=2ms
[INFO] Sensor C# Project Type Information [csharp]
[INFO] Sensor C# Project Type Information [csharp] (done) | time=1ms
[INFO] Sensor C# Analysis Log [csharp]
[INFO] Sensor C# Analysis Log [csharp] (done) | time=38ms
[INFO] Sensor C# Properties [csharp]
[INFO] Sensor C# Properties [csharp] (done) | time=1ms
[INFO] Sensor SurefireSensor [java]
[INFO] parsing [/home/silva/Downloads/00_PSW_ValeryChumpitaz-main/PSW_Pipeline_Base/target/surefire-reports]
[INFO] Sensor SurefireSensor [java] (done) | time=214ms
[INFO] Sensor HTML [web]
[INFO] Sensor HTML [web] (done) | time=6ms
[INFO] Sensor XML Sensor [xml]
[INFO] 1 source file to be analyzed
[INFO] 1/1 source file has been analyzed
[INFO] Sensor XML Sensor [xml] (done) | time=435ms
[INFO] Sensor TextAndSecretsSensor [text]
[INFO] 10 source files to be analyzed
[INFO] 10/10 source files have been analyzed
[INFO] Sensor TextAndSecretsSensor [text] (done) | time=72ms
[INFO] Sensor VB.NET Project Type Information [vbnet]
[INFO] Sensor VB.NET Project Type Information [vbnet] (done) | time=2ms
[INFO] Sensor VB.NET Analysis Log [vbnet]
[INFO] Sensor VB.NET Analysis Log [vbnet] (done) | time=46ms
[INFO] Sensor VB.NET Properties [vbnet]
[INFO] Sensor VB.NET Properties [vbnet] (done) | time=0ms
[INFO] Sensor IaC Docker Sensor [iac]
[INFO] 0 source files to be analyzed
[INFO] 0/0 source files have been analyzed
[INFO] Sensor IaC Docker Sensor [iac] (done) | time=157ms
[INFO] ------------- Run sensors on project
[INFO] Sensor Analysis Warnings import [csharp]
[INFO] Sensor Analysis Warnings import [csharp] (done) | time=2ms
[INFO] Sensor Zero Coverage Sensor
[INFO] Sensor Zero Coverage Sensor (done) | time=1ms
[INFO] Sensor Java CPD Block Indexer
[INFO] Sensor Java CPD Block Indexer (done) | time=37ms
[INFO] SCM Publisher SCM provider for this project is: git
[INFO] SCM Publisher 10 source files to be analyzed
[INFO] SCM Publisher 0/10 source files have been analyzed (done) | time=171ms
[WARNING] Missing blame information for the following files:
[WARNING]   * src/test/java/vallegrande/edu/pe/model/ModelTest.java
[WARNING]   * src/test/java/vallegrande/edu/pe/controller/AuthControllerTest.java
[WARNING]   * src/main/java/vallegrande/edu/pe/model/LoginRequest.java
[WARNING]   * src/main/java/vallegrande/edu/pe/controller/ProductController.java
[WARNING]   * src/test/java/vallegrande/edu/pe/service/ProductServiceTest.java
[WARNING]   * src/main/java/vallegrande/edu/pe/controller/AuthController.java
[WARNING]   * pom.xml
[WARNING]   * src/main/java/vallegrande/edu/pe/model/Product.java
[WARNING]   * src/main/java/vallegrande/edu/pe/PswPipelineBaseApplication.java
[WARNING]   * src/main/java/vallegrande/edu/pe/service/ProductService.java
[WARNING] This may lead to missing/broken features in SonarQube
[INFO] CPD Executor 2 files had no CPD blocks
[INFO] CPD Executor Calculating CPD for 4 files
[INFO] CPD Executor CPD calculation finished (done) | time=14ms
[INFO] Analysis report generated in 170ms, dir size=151.0 kB
[INFO] Analysis report compressed in 49ms, zip size=33.8 kB
[INFO] Analysis report uploaded in 678ms
[INFO] ANALYSIS SUCCESSFUL, you can find the results at: http://localhost:9000/dashboard?id=psw-pipeline-base
[INFO] Note that you will be able to access the updated dashboard once the server has processed the submitted analysis report
[INFO] More about the report processing at http://localhost:9000/api/ce/task?id=AaETB4bZAEkW0KABn_zx
[INFO] Analysis total time: 25.605 s
[INFO] ------------------------------------------------------------------------
[INFO] BUILD SUCCESS
[INFO] ------------------------------------------------------------------------
[INFO] Total time:  40.431 s
[INFO] Finished at: 2026-10-06T16:03:43-05:00
[INFO] ------------------------------------------------------------------------
